---
source: crates/rivet-core/src/output/mod.rs
assertion_line: 283
expression: analysis
---
{
  "files": [
    {
      "analysis_duration": "[duration]",
      "file_metrics": {
        "avg_complexity": 3.0,
        "blank": 0,
        "cloc": 0,
        "custom_metrics": {},
        "halstead": {
          "big_n1": 0,
          "big_n2": 0,
          "bugs": 0.0,
          "calculated_length": 0.0,
          "difficulty": 0.0,
          "effort": 0.0,
          "length": 0,
          "n1": 0,
          "n2": 0,
          "time": 0.0,
          "vocabulary": 0,
          "volume": 0.0
        },
        "lloc": 6,
        "maintainability_index": 100.0,
        "max_complexity": 3.0,
        "nloc": 6,
        "ploc": 6,
        "sloc": 6,
        "total_complexity": 3.0
      },
      "file_path": "tests/fixtures/c/simple.c",
      "functions": [
        {
          "cognitive_complexity": 1,
          "custom_metrics": {},
          "cyclomatic_complexity": 3,
          "end_column": 1,
          "end_line": 6,
          "halstead": {
            "big_n1": 0,
            "big_n2": 0,
            "bugs": 0.0,
            "calculated_length": 0.0,
            "difficulty": 0.0,
            "effort": 0.0,
            "length": 0,
            "n1": 0,
            "n2": 0,
            "time": 0.0,
            "vocabulary": 0,
            "volume": 0.0
          },
          "name": "sample",
          "nesting_depth": 1,
          "nloc": 6,
          "parameter_count": 2,
          "qualified_name": "sample",
          "start_column": 0,
          "start_line": 1,
          "token_count": 3
        }
      ],
      "language": "C",
      "parse_errors": [],
      "plugin_diagnostics": []
    },
    {
      "analysis_duration": "[duration]",
      "file_metrics": {
        "avg_complexity": 3.0,
        "blank": 0,
        "cloc": 0,
        "custom_metrics": {},
        "halstead": {
          "big_n1": 0,
          "big_n2": 0,
          "bugs": 0.0,
          "calculated_length": 0.0,
          "difficulty": 0.0,
          "effort": 0.0,
          "length": 0,
          "n1": 0,
          "n2": 0,
          "time": 0.0,
          "vocabulary": 0,
          "volume": 0.0
        },
        "lloc": 6,
        "maintainability_index": 100.0,
        "max_complexity": 3.0,
        "nloc": 6,
        "ploc": 6,
        "sloc": 6,
        "total_complexity": 3.0
      },
      "file_path": "tests/fixtures/cpp/simple.cpp",
      "functions": [
        {
          "cognitive_complexity": 1,
          "custom_metrics": {},
          "cyclomatic_complexity": 3,
          "end_column": 1,
          "end_line": 6,
          "halstead": {
            "big_n1": 0,
            "big_n2": 0,
            "bugs": 0.0,
            "calculated_length": 0.0,
            "difficulty": 0.0,
            "effort": 0.0,
            "length": 0,
            "n1": 0,
            "n2": 0,
            "time": 0.0,
            "vocabulary": 0,
            "volume": 0.0
          },
          "name": "sample",
          "nesting_depth": 1,
          "nloc": 6,
          "parameter_count": 2,
          "qualified_name": "sample",
          "start_column": 0,
          "start_line": 1,
          "token_count": 3
        }
      ],
      "language": "Cpp",
      "parse_errors": [],
      "plugin_diagnostics": []
    },
    {
      "analysis_duration": "[duration]",
      "file_metrics": {
        "avg_complexity": 3.0,
        "blank": 0,
        "cloc": 0,
        "custom_metrics": {},
        "halstead": {
          "big_n1": 0,
          "big_n2": 0,
          "bugs": 0.0,
          "calculated_length": 0.0,
          "difficulty": 0.0,
          "effort": 0.0,
          "length": 0,
          "n1": 0,
          "n2": 0,
          "time": 0.0,
          "vocabulary": 0,
          "volume": 0.0
        },
        "lloc": 8,
        "maintainability_index": 100.0,
        "max_complexity": 3.0,
        "nloc": 8,
        "ploc": 8,
        "sloc": 8,
        "total_complexity": 3.0
      },
      "file_path": "tests/fixtures/csharp/Simple.cs",
      "functions": [
        {
          "cognitive_complexity": 1,
          "custom_metrics": {},
          "cyclomatic_complexity": 3,
          "end_column": 5,
          "end_line": 7,
          "halstead": {
            "big_n1": 0,
            "big_n2": 0,
            "bugs": 0.0,
            "calculated_length": 0.0,
            "difficulty": 0.0,
            "effort": 0.0,
            "length": 0,
            "n1": 0,
            "n2": 0,
            "time": 0.0,
            "vocabulary": 0,
            "volume": 0.0
          },
          "name": "Sample",
          "nesting_depth": 1,
          "nloc": 6,
          "parameter_count": 2,
          "qualified_name": "Sample",
          "start_column": 4,
          "start_line": 2,
          "token_count": 4
        }
      ],
      "language": "CSharp",
      "parse_errors": [],
      "plugin_diagnostics": []
    },
    {
      "analysis_duration": "[duration]",
      "file_metrics": {
        "avg_complexity": 3.0,
        "blank": 1,
        "cloc": 0,
        "custom_metrics": {},
        "halstead": {
          "big_n1": 0,
          "big_n2": 0,
          "bugs": 0.0,
          "calculated_length": 0.0,
          "difficulty": 0.0,
          "effort": 0.0,
          "length": 0,
          "n1": 0,
          "n2": 0,
          "time": 0.0,
          "vocabulary": 0,
          "volume": 0.0
        },
        "lloc": 7,
        "maintainability_index": 100.0,
        "max_complexity": 3.0,
        "nloc": 7,
        "ploc": 8,
        "sloc": 7,
        "total_complexity": 3.0
      },
      "file_path": "tests/fixtures/go/simple.go",
      "functions": [
        {
          "cognitive_complexity": 1,
          "custom_metrics": {},
          "cyclomatic_complexity": 3,
          "end_column": 1,
          "end_line": 8,
          "halstead": {
            "big_n1": 0,
            "big_n2": 0,
            "bugs": 0.0,
            "calculated_length": 0.0,
            "difficulty": 0.0,
            "effort": 0.0,
            "length": 0,
            "n1": 0,
            "n2": 0,
            "time": 0.0,
            "vocabulary": 0,
            "volume": 0.0
          },
          "name": "sample",
          "nesting_depth": 1,
          "nloc": 6,
          "parameter_count": 2,
          "qualified_name": "sample",
          "start_column": 0,
          "start_line": 3,
          "token_count": 4
        }
      ],
      "language": "Go",
      "parse_errors": [],
      "plugin_diagnostics": []
    },
    {
      "analysis_duration": "[duration]",
      "file_metrics": {
        "avg_complexity": 3.0,
        "blank": 0,
        "cloc": 0,
        "custom_metrics": {},
        "halstead": {
          "big_n1": 0,
          "big_n2": 0,
          "bugs": 0.0,
          "calculated_length": 0.0,
          "difficulty": 0.0,
          "effort": 0.0,
          "length": 0,
          "n1": 0,
          "n2": 0,
          "time": 0.0,
          "vocabulary": 0,
          "volume": 0.0
        },
        "lloc": 8,
        "maintainability_index": 100.0,
        "max_complexity": 3.0,
        "nloc": 8,
        "ploc": 8,
        "sloc": 8,
        "total_complexity": 3.0
      },
      "file_path": "tests/fixtures/java/Simple.java",
      "functions": [
        {
          "cognitive_complexity": 1,
          "custom_metrics": {},
          "cyclomatic_complexity": 3,
          "end_column": 5,
          "end_line": 7,
          "halstead": {
            "big_n1": 0,
            "big_n2": 0,
            "bugs": 0.0,
            "calculated_length": 0.0,
            "difficulty": 0.0,
            "effort": 0.0,
            "length": 0,
            "n1": 0,
            "n2": 0,
            "time": 0.0,
            "vocabulary": 0,
            "volume": 0.0
          },
          "name": "sample",
          "nesting_depth": 1,
          "nloc": 6,
          "parameter_count": 2,
          "qualified_name": "sample",
          "start_column": 4,
          "start_line": 2,
          "token_count": 4
        }
      ],
      "language": "Java",
      "parse_errors": [],
      "plugin_diagnostics": []
    },
    {
      "analysis_duration": "[duration]",
      "file_metrics": {
        "avg_complexity": 3.0,
        "blank": 0,
        "cloc": 0,
        "custom_metrics": {},
        "halstead": {
          "big_n1": 0,
          "big_n2": 0,
          "bugs": 0.0,
          "calculated_length": 0.0,
          "difficulty": 0.0,
          "effort": 0.0,
          "length": 0,
          "n1": 0,
          "n2": 0,
          "time": 0.0,
          "vocabulary": 0,
          "volume": 0.0
        },
        "lloc": 6,
        "maintainability_index": 100.0,
        "max_complexity": 3.0,
        "nloc": 6,
        "ploc": 6,
        "sloc": 6,
        "total_complexity": 3.0
      },
      "file_path": "tests/fixtures/javascript/simple.js",
      "functions": [
        {
          "cognitive_complexity": 1,
          "custom_metrics": {},
          "cyclomatic_complexity": 3,
          "end_column": 1,
          "end_line": 6,
          "halstead": {
            "big_n1": 0,
            "big_n2": 0,
            "bugs": 0.0,
            "calculated_length": 0.0,
            "difficulty": 0.0,
            "effort": 0.0,
            "length": 0,
            "n1": 0,
            "n2": 0,
            "time": 0.0,
            "vocabulary": 0,
            "volume": 0.0
          },
          "name": "sample",
          "nesting_depth": 1,
          "nloc": 6,
          "parameter_count": 2,
          "qualified_name": "sample",
          "start_column": 0,
          "start_line": 1,
          "token_count": 3
        }
      ],
      "language": "JavaScript",
      "parse_errors": [],
      "plugin_diagnostics": []
    },
    {
      "analysis_duration": "[duration]",
      "file_metrics": {
        "avg_complexity": 3.0,
        "blank": 0,
        "cloc": 0,
        "custom_metrics": {},
        "halstead": {
          "big_n1": 0,
          "big_n2": 0,
          "bugs": 0.0,
          "calculated_length": 0.0,
          "difficulty": 0.0,
          "effort": 0.0,
          "length": 0,
          "n1": 0,
          "n2": 0,
          "time": 0.0,
          "vocabulary": 0,
          "volume": 0.0
        },
        "lloc": 6,
        "maintainability_index": 100.0,
        "max_complexity": 3.0,
        "nloc": 6,
        "ploc": 6,
        "sloc": 6,
        "total_complexity": 3.0
      },
      "file_path": "tests/fixtures/kotlin/Simple.kt",
      "functions": [
        {
          "cognitive_complexity": 1,
          "custom_metrics": {},
          "cyclomatic_complexity": 3,
          "end_column": 1,
          "end_line": 6,
          "halstead": {
            "big_n1": 0,
            "big_n2": 0,
            "bugs": 0.0,
            "calculated_length": 0.0,
            "difficulty": 0.0,
            "effort": 0.0,
            "length": 0,
            "n1": 0,
            "n2": 0,
            "time": 0.0,
            "vocabulary": 0,
            "volume": 0.0
          },
          "name": "sample",
          "nesting_depth": 1,
          "nloc": 6,
          "parameter_count": 2,
          "qualified_name": "sample",
          "start_column": 0,
          "start_line": 1,
          "token_count": 4
        }
      ],
      "language": "Kotlin",
      "parse_errors": [],
      "plugin_diagnostics": []
    },
    {
      "analysis_duration": "[duration]",
      "file_metrics": {
        "avg_complexity": 3.0,
        "blank": 1,
        "cloc": 0,
        "custom_metrics": {},
        "halstead": {
          "big_n1": 0,
          "big_n2": 0,
          "bugs": 0.0,
          "calculated_length": 0.0,
          "difficulty": 0.0,
          "effort": 0.0,
          "length": 0,
          "n1": 0,
          "n2": 0,
          "time": 0.0,
          "vocabulary": 0,
          "volume": 0.0
        },
        "lloc": 7,
        "maintainability_index": 100.0,
        "max_complexity": 3.0,
        "nloc": 7,
        "ploc": 8,
        "sloc": 7,
        "total_complexity": 3.0
      },
      "file_path": "tests/fixtures/php/simple.php",
      "functions": [
        {
          "cognitive_complexity": 1,
          "custom_metrics": {},
          "cyclomatic_complexity": 3,
          "end_column": 1,
          "end_line": 8,
          "halstead": {
            "big_n1": 0,
            "big_n2": 0,
            "bugs": 0.0,
            "calculated_length": 0.0,
            "difficulty": 0.0,
            "effort": 0.0,
            "length": 0,
            "n1": 0,
            "n2": 0,
            "time": 0.0,
            "vocabulary": 0,
            "volume": 0.0
          },
          "name": "sample",
          "nesting_depth": 1,
          "nloc": 6,
          "parameter_count": 2,
          "qualified_name": "sample",
          "start_column": 0,
          "start_line": 3,
          "token_count": 3
        }
      ],
      "language": "Php",
      "parse_errors": [],
      "plugin_diagnostics": []
    },
    {
      "analysis_duration": "[duration]",
      "file_metrics": {
        "avg_complexity": 3.0,
        "blank": 0,
        "cloc": 0,
        "custom_metrics": {},
        "halstead": {
          "big_n1": 0,
          "big_n2": 0,
          "bugs": 0.0,
          "calculated_length": 0.0,
          "difficulty": 0.0,
          "effort": 0.0,
          "length": 0,
          "n1": 0,
          "n2": 0,
          "time": 0.0,
          "vocabulary": 0,
          "volume": 0.0
        },
        "lloc": 4,
        "maintainability_index": 100.0,
        "max_complexity": 3.0,
        "nloc": 4,
        "ploc": 4,
        "sloc": 4,
        "total_complexity": 3.0
      },
      "file_path": "tests/fixtures/python/simple.py",
      "functions": [
        {
          "cognitive_complexity": 1,
          "custom_metrics": {},
          "cyclomatic_complexity": 3,
          "end_column": 13,
          "end_line": 4,
          "halstead": {
            "big_n1": 0,
            "big_n2": 0,
            "bugs": 0.0,
            "calculated_length": 0.0,
            "difficulty": 0.0,
            "effort": 0.0,
            "length": 0,
            "n1": 0,
            "n2": 0,
            "time": 0.0,
            "vocabulary": 0,
            "volume": 0.0
          },
          "name": "absolute",
          "nesting_depth": 1,
          "nloc": 4,
          "parameter_count": 1,
          "qualified_name": "absolute",
          "start_column": 0,
          "start_line": 1,
          "token_count": 3
        }
      ],
      "language": "Python",
      "parse_errors": [],
      "plugin_diagnostics": []
    },
    {
      "analysis_duration": "[duration]",
      "file_metrics": {
        "avg_complexity": 3.0,
        "blank": 0,
        "cloc": 0,
        "custom_metrics": {},
        "halstead": {
          "big_n1": 0,
          "big_n2": 0,
          "bugs": 0.0,
          "calculated_length": 0.0,
          "difficulty": 0.0,
          "effort": 0.0,
          "length": 0,
          "n1": 0,
          "n2": 0,
          "time": 0.0,
          "vocabulary": 0,
          "volume": 0.0
        },
        "lloc": 7,
        "maintainability_index": 100.0,
        "max_complexity": 3.0,
        "nloc": 7,
        "ploc": 7,
        "sloc": 7,
        "total_complexity": 3.0
      },
      "file_path": "tests/fixtures/ruby/simple.rb",
      "functions": [
        {
          "cognitive_complexity": 1,
          "custom_metrics": {},
          "cyclomatic_complexity": 3,
          "end_column": 3,
          "end_line": 7,
          "halstead": {
            "big_n1": 0,
            "big_n2": 0,
            "bugs": 0.0,
            "calculated_length": 0.0,
            "difficulty": 0.0,
            "effort": 0.0,
            "length": 0,
            "n1": 0,
            "n2": 0,
            "time": 0.0,
            "vocabulary": 0,
            "volume": 0.0
          },
          "name": "sample",
          "nesting_depth": 1,
          "nloc": 7,
          "parameter_count": 2,
          "qualified_name": "sample",
          "start_column": 0,
          "start_line": 1,
          "token_count": 3
        }
      ],
      "language": "Ruby",
      "parse_errors": [],
      "plugin_diagnostics": []
    },
    {
      "analysis_duration": "[duration]",
      "file_metrics": {
        "avg_complexity": 3.0,
        "blank": 0,
        "cloc": 0,
        "custom_metrics": {},
        "halstead": {
          "big_n1": 0,
          "big_n2": 0,
          "bugs": 0.0,
          "calculated_length": 0.0,
          "difficulty": 0.0,
          "effort": 0.0,
          "length": 0,
          "n1": 0,
          "n2": 0,
          "time": 0.0,
          "vocabulary": 0,
          "volume": 0.0
        },
        "lloc": 3,
        "maintainability_index": 100.0,
        "max_complexity": 3.0,
        "nloc": 3,
        "ploc": 3,
        "sloc": 3,
        "total_complexity": 3.0
      },
      "file_path": "tests/fixtures/rust/simple.rs",
      "functions": [
        {
          "cognitive_complexity": 1,
          "custom_metrics": {},
          "cyclomatic_complexity": 3,
          "end_column": 1,
          "end_line": 3,
          "halstead": {
            "big_n1": 0,
            "big_n2": 0,
            "bugs": 0.0,
            "calculated_length": 0.0,
            "difficulty": 0.0,
            "effort": 0.0,
            "length": 0,
            "n1": 0,
            "n2": 0,
            "time": 0.0,
            "vocabulary": 0,
            "volume": 0.0
          },
          "name": "absolute",
          "nesting_depth": 1,
          "nloc": 3,
          "parameter_count": 1,
          "qualified_name": "absolute",
          "start_column": 0,
          "start_line": 1,
          "token_count": 4
        }
      ],
      "language": "Rust",
      "parse_errors": [],
      "plugin_diagnostics": []
    },
    {
      "analysis_duration": "[duration]",
      "file_metrics": {
        "avg_complexity": 3.0,
        "blank": 0,
        "cloc": 0,
        "custom_metrics": {},
        "halstead": {
          "big_n1": 0,
          "big_n2": 0,
          "bugs": 0.0,
          "calculated_length": 0.0,
          "difficulty": 0.0,
          "effort": 0.0,
          "length": 0,
          "n1": 0,
          "n2": 0,
          "time": 0.0,
          "vocabulary": 0,
          "volume": 0.0
        },
        "lloc": 6,
        "maintainability_index": 100.0,
        "max_complexity": 3.0,
        "nloc": 6,
        "ploc": 6,
        "sloc": 6,
        "total_complexity": 3.0
      },
      "file_path": "tests/fixtures/typescript/simple.ts",
      "functions": [
        {
          "cognitive_complexity": 1,
          "custom_metrics": {},
          "cyclomatic_complexity": 3,
          "end_column": 1,
          "end_line": 6,
          "halstead": {
            "big_n1": 0,
            "big_n2": 0,
            "bugs": 0.0,
            "calculated_length": 0.0,
            "difficulty": 0.0,
            "effort": 0.0,
            "length": 0,
            "n1": 0,
            "n2": 0,
            "time": 0.0,
            "vocabulary": 0,
            "volume": 0.0
          },
          "name": "sample",
          "nesting_depth": 1,
          "nloc": 6,
          "parameter_count": 2,
          "qualified_name": "sample",
          "start_column": 0,
          "start_line": 1,
          "token_count": 4
        }
      ],
      "language": "TypeScript",
      "parse_errors": [],
      "plugin_diagnostics": []
    }
  ],
  "summary": {
    "avg_cognitive": 1.0,
    "avg_cyclomatic": 3.0,
    "avg_maintainability_index": 100.0,
    "languages": {
      "C": {
        "files": 1,
        "functions": 1,
        "nloc": 6
      },
      "CSharp": {
        "files": 1,
        "functions": 1,
        "nloc": 8
      },
      "Cpp": {
        "files": 1,
        "functions": 1,
        "nloc": 6
      },
      "Go": {
        "files": 1,
        "functions": 1,
        "nloc": 7
      },
      "Java": {
        "files": 1,
        "functions": 1,
        "nloc": 8
      },
      "JavaScript": {
        "files": 1,
        "functions": 1,
        "nloc": 6
      },
      "Kotlin": {
        "files": 1,
        "functions": 1,
        "nloc": 6
      },
      "Php": {
        "files": 1,
        "functions": 1,
        "nloc": 7
      },
      "Python": {
        "files": 1,
        "functions": 1,
        "nloc": 4
      },
      "Ruby": {
        "files": 1,
        "functions": 1,
        "nloc": 7
      },
      "Rust": {
        "files": 1,
        "functions": 1,
        "nloc": 3
      },
      "TypeScript": {
        "files": 1,
        "functions": 1,
        "nloc": 6
      }
    },
    "total_files": 12,
    "total_functions": 12,
    "total_nloc": 74
  },
  "threshold_violations": [
    {
      "actual_value": 3.0,
      "end_column": 1,
      "end_line": 6,
      "file_path": "tests/fixtures/c/simple.c",
      "function_name": "sample",
      "metric_name": "cyclomatic_complexity",
      "severity": "Warning",
      "start_column": 0,
      "start_line": 1,
      "threshold_value": 1.0
    },
    {
      "actual_value": 1.0,
      "end_column": 1,
      "end_line": 6,
      "file_path": "tests/fixtures/c/simple.c",
      "function_name": "sample",
      "metric_name": "cognitive_complexity",
      "severity": "Warning",
      "start_column": 0,
      "start_line": 1,
      "threshold_value": 0.0
    },
    {
      "actual_value": 6.0,
      "end_column": 1,
      "end_line": 6,
      "file_path": "tests/fixtures/c/simple.c",
      "function_name": "sample",
      "metric_name": "function_length",
      "severity": "Warning",
      "start_column": 0,
      "start_line": 1,
      "threshold_value": 1.0
    },
    {
      "actual_value": 2.0,
      "end_column": 1,
      "end_line": 6,
      "file_path": "tests/fixtures/c/simple.c",
      "function_name": "sample",
      "metric_name": "parameter_count",
      "severity": "Warning",
      "start_column": 0,
      "start_line": 1,
      "threshold_value": 1.0
    },
    {
      "actual_value": 1.0,
      "end_column": 1,
      "end_line": 6,
      "file_path": "tests/fixtures/c/simple.c",
      "function_name": "sample",
      "metric_name": "nesting_depth",
      "severity": "Warning",
      "start_column": 0,
      "start_line": 1,
      "threshold_value": 0.0
    },
    {
      "actual_value": 3.0,
      "end_column": 1,
      "end_line": 6,
      "file_path": "tests/fixtures/cpp/simple.cpp",
      "function_name": "sample",
      "metric_name": "cyclomatic_complexity",
      "severity": "Warning",
      "start_column": 0,
      "start_line": 1,
      "threshold_value": 1.0
    },
    {
      "actual_value": 1.0,
      "end_column": 1,
      "end_line": 6,
      "file_path": "tests/fixtures/cpp/simple.cpp",
      "function_name": "sample",
      "metric_name": "cognitive_complexity",
      "severity": "Warning",
      "start_column": 0,
      "start_line": 1,
      "threshold_value": 0.0
    },
    {
      "actual_value": 6.0,
      "end_column": 1,
      "end_line": 6,
      "file_path": "tests/fixtures/cpp/simple.cpp",
      "function_name": "sample",
      "metric_name": "function_length",
      "severity": "Warning",
      "start_column": 0,
      "start_line": 1,
      "threshold_value": 1.0
    },
    {
      "actual_value": 2.0,
      "end_column": 1,
      "end_line": 6,
      "file_path": "tests/fixtures/cpp/simple.cpp",
      "function_name": "sample",
      "metric_name": "parameter_count",
      "severity": "Warning",
      "start_column": 0,
      "start_line": 1,
      "threshold_value": 1.0
    },
    {
      "actual_value": 1.0,
      "end_column": 1,
      "end_line": 6,
      "file_path": "tests/fixtures/cpp/simple.cpp",
      "function_name": "sample",
      "metric_name": "nesting_depth",
      "severity": "Warning",
      "start_column": 0,
      "start_line": 1,
      "threshold_value": 0.0
    },
    {
      "actual_value": 3.0,
      "end_column": 5,
      "end_line": 7,
      "file_path": "tests/fixtures/csharp/Simple.cs",
      "function_name": "Sample",
      "metric_name": "cyclomatic_complexity",
      "severity": "Warning",
      "start_column": 4,
      "start_line": 2,
      "threshold_value": 1.0
    },
    {
      "actual_value": 1.0,
      "end_column": 5,
      "end_line": 7,
      "file_path": "tests/fixtures/csharp/Simple.cs",
      "function_name": "Sample",
      "metric_name": "cognitive_complexity",
      "severity": "Warning",
      "start_column": 4,
      "start_line": 2,
      "threshold_value": 0.0
    },
    {
      "actual_value": 6.0,
      "end_column": 5,
      "end_line": 7,
      "file_path": "tests/fixtures/csharp/Simple.cs",
      "function_name": "Sample",
      "metric_name": "function_length",
      "severity": "Warning",
      "start_column": 4,
      "start_line": 2,
      "threshold_value": 1.0
    },
    {
      "actual_value": 2.0,
      "end_column": 5,
      "end_line": 7,
      "file_path": "tests/fixtures/csharp/Simple.cs",
      "function_name": "Sample",
      "metric_name": "parameter_count",
      "severity": "Warning",
      "start_column": 4,
      "start_line": 2,
      "threshold_value": 1.0
    },
    {
      "actual_value": 1.0,
      "end_column": 5,
      "end_line": 7,
      "file_path": "tests/fixtures/csharp/Simple.cs",
      "function_name": "Sample",
      "metric_name": "nesting_depth",
      "severity": "Warning",
      "start_column": 4,
      "start_line": 2,
      "threshold_value": 0.0
    },
    {
      "actual_value": 3.0,
      "end_column": 1,
      "end_line": 8,
      "file_path": "tests/fixtures/go/simple.go",
      "function_name": "sample",
      "metric_name": "cyclomatic_complexity",
      "severity": "Warning",
      "start_column": 0,
      "start_line": 3,
      "threshold_value": 1.0
    },
    {
      "actual_value": 1.0,
      "end_column": 1,
      "end_line": 8,
      "file_path": "tests/fixtures/go/simple.go",
      "function_name": "sample",
      "metric_name": "cognitive_complexity",
      "severity": "Warning",
      "start_column": 0,
      "start_line": 3,
      "threshold_value": 0.0
    },
    {
      "actual_value": 6.0,
      "end_column": 1,
      "end_line": 8,
      "file_path": "tests/fixtures/go/simple.go",
      "function_name": "sample",
      "metric_name": "function_length",
      "severity": "Warning",
      "start_column": 0,
      "start_line": 3,
      "threshold_value": 1.0
    },
    {
      "actual_value": 2.0,
      "end_column": 1,
      "end_line": 8,
      "file_path": "tests/fixtures/go/simple.go",
      "function_name": "sample",
      "metric_name": "parameter_count",
      "severity": "Warning",
      "start_column": 0,
      "start_line": 3,
      "threshold_value": 1.0
    },
    {
      "actual_value": 1.0,
      "end_column": 1,
      "end_line": 8,
      "file_path": "tests/fixtures/go/simple.go",
      "function_name": "sample",
      "metric_name": "nesting_depth",
      "severity": "Warning",
      "start_column": 0,
      "start_line": 3,
      "threshold_value": 0.0
    },
    {
      "actual_value": 3.0,
      "end_column": 5,
      "end_line": 7,
      "file_path": "tests/fixtures/java/Simple.java",
      "function_name": "sample",
      "metric_name": "cyclomatic_complexity",
      "severity": "Warning",
      "start_column": 4,
      "start_line": 2,
      "threshold_value": 1.0
    },
    {
      "actual_value": 1.0,
      "end_column": 5,
      "end_line": 7,
      "file_path": "tests/fixtures/java/Simple.java",
      "function_name": "sample",
      "metric_name": "cognitive_complexity",
      "severity": "Warning",
      "start_column": 4,
      "start_line": 2,
      "threshold_value": 0.0
    },
    {
      "actual_value": 6.0,
      "end_column": 5,
      "end_line": 7,
      "file_path": "tests/fixtures/java/Simple.java",
      "function_name": "sample",
      "metric_name": "function_length",
      "severity": "Warning",
      "start_column": 4,
      "start_line": 2,
      "threshold_value": 1.0
    },
    {
      "actual_value": 2.0,
      "end_column": 5,
      "end_line": 7,
      "file_path": "tests/fixtures/java/Simple.java",
      "function_name": "sample",
      "metric_name": "parameter_count",
      "severity": "Warning",
      "start_column": 4,
      "start_line": 2,
      "threshold_value": 1.0
    },
    {
      "actual_value": 1.0,
      "end_column": 5,
      "end_line": 7,
      "file_path": "tests/fixtures/java/Simple.java",
      "function_name": "sample",
      "metric_name": "nesting_depth",
      "severity": "Warning",
      "start_column": 4,
      "start_line": 2,
      "threshold_value": 0.0
    },
    {
      "actual_value": 3.0,
      "end_column": 1,
      "end_line": 6,
      "file_path": "tests/fixtures/javascript/simple.js",
      "function_name": "sample",
      "metric_name": "cyclomatic_complexity",
      "severity": "Warning",
      "start_column": 0,
      "start_line": 1,
      "threshold_value": 1.0
    },
    {
      "actual_value": 1.0,
      "end_column": 1,
      "end_line": 6,
      "file_path": "tests/fixtures/javascript/simple.js",
      "function_name": "sample",
      "metric_name": "cognitive_complexity",
      "severity": "Warning",
      "start_column": 0,
      "start_line": 1,
      "threshold_value": 0.0
    },
    {
      "actual_value": 6.0,
      "end_column": 1,
      "end_line": 6,
      "file_path": "tests/fixtures/javascript/simple.js",
      "function_name": "sample",
      "metric_name": "function_length",
      "severity": "Warning",
      "start_column": 0,
      "start_line": 1,
      "threshold_value": 1.0
    },
    {
      "actual_value": 2.0,
      "end_column": 1,
      "end_line": 6,
      "file_path": "tests/fixtures/javascript/simple.js",
      "function_name": "sample",
      "metric_name": "parameter_count",
      "severity": "Warning",
      "start_column": 0,
      "start_line": 1,
      "threshold_value": 1.0
    },
    {
      "actual_value": 1.0,
      "end_column": 1,
      "end_line": 6,
      "file_path": "tests/fixtures/javascript/simple.js",
      "function_name": "sample",
      "metric_name": "nesting_depth",
      "severity": "Warning",
      "start_column": 0,
      "start_line": 1,
      "threshold_value": 0.0
    },
    {
      "actual_value": 3.0,
      "end_column": 1,
      "end_line": 6,
      "file_path": "tests/fixtures/kotlin/Simple.kt",
      "function_name": "sample",
      "metric_name": "cyclomatic_complexity",
      "severity": "Warning",
      "start_column": 0,
      "start_line": 1,
      "threshold_value": 1.0
    },
    {
      "actual_value": 1.0,
      "end_column": 1,
      "end_line": 6,
      "file_path": "tests/fixtures/kotlin/Simple.kt",
      "function_name": "sample",
      "metric_name": "cognitive_complexity",
      "severity": "Warning",
      "start_column": 0,
      "start_line": 1,
      "threshold_value": 0.0
    },
    {
      "actual_value": 6.0,
      "end_column": 1,
      "end_line": 6,
      "file_path": "tests/fixtures/kotlin/Simple.kt",
      "function_name": "sample",
      "metric_name": "function_length",
      "severity": "Warning",
      "start_column": 0,
      "start_line": 1,
      "threshold_value": 1.0
    },
    {
      "actual_value": 2.0,
      "end_column": 1,
      "end_line": 6,
      "file_path": "tests/fixtures/kotlin/Simple.kt",
      "function_name": "sample",
      "metric_name": "parameter_count",
      "severity": "Warning",
      "start_column": 0,
      "start_line": 1,
      "threshold_value": 1.0
    },
    {
      "actual_value": 1.0,
      "end_column": 1,
      "end_line": 6,
      "file_path": "tests/fixtures/kotlin/Simple.kt",
      "function_name": "sample",
      "metric_name": "nesting_depth",
      "severity": "Warning",
      "start_column": 0,
      "start_line": 1,
      "threshold_value": 0.0
    },
    {
      "actual_value": 3.0,
      "end_column": 1,
      "end_line": 8,
      "file_path": "tests/fixtures/php/simple.php",
      "function_name": "sample",
      "metric_name": "cyclomatic_complexity",
      "severity": "Warning",
      "start_column": 0,
      "start_line": 3,
      "threshold_value": 1.0
    },
    {
      "actual_value": 1.0,
      "end_column": 1,
      "end_line": 8,
      "file_path": "tests/fixtures/php/simple.php",
      "function_name": "sample",
      "metric_name": "cognitive_complexity",
      "severity": "Warning",
      "start_column": 0,
      "start_line": 3,
      "threshold_value": 0.0
    },
    {
      "actual_value": 6.0,
      "end_column": 1,
      "end_line": 8,
      "file_path": "tests/fixtures/php/simple.php",
      "function_name": "sample",
      "metric_name": "function_length",
      "severity": "Warning",
      "start_column": 0,
      "start_line": 3,
      "threshold_value": 1.0
    },
    {
      "actual_value": 2.0,
      "end_column": 1,
      "end_line": 8,
      "file_path": "tests/fixtures/php/simple.php",
      "function_name": "sample",
      "metric_name": "parameter_count",
      "severity": "Warning",
      "start_column": 0,
      "start_line": 3,
      "threshold_value": 1.0
    },
    {
      "actual_value": 1.0,
      "end_column": 1,
      "end_line": 8,
      "file_path": "tests/fixtures/php/simple.php",
      "function_name": "sample",
      "metric_name": "nesting_depth",
      "severity": "Warning",
      "start_column": 0,
      "start_line": 3,
      "threshold_value": 0.0
    },
    {
      "actual_value": 3.0,
      "end_column": 13,
      "end_line": 4,
      "file_path": "tests/fixtures/python/simple.py",
      "function_name": "absolute",
      "metric_name": "cyclomatic_complexity",
      "severity": "Warning",
      "start_column": 0,
      "start_line": 1,
      "threshold_value": 1.0
    },
    {
      "actual_value": 1.0,
      "end_column": 13,
      "end_line": 4,
      "file_path": "tests/fixtures/python/simple.py",
      "function_name": "absolute",
      "metric_name": "cognitive_complexity",
      "severity": "Warning",
      "start_column": 0,
      "start_line": 1,
      "threshold_value": 0.0
    },
    {
      "actual_value": 4.0,
      "end_column": 13,
      "end_line": 4,
      "file_path": "tests/fixtures/python/simple.py",
      "function_name": "absolute",
      "metric_name": "function_length",
      "severity": "Warning",
      "start_column": 0,
      "start_line": 1,
      "threshold_value": 1.0
    },
    {
      "actual_value": 1.0,
      "end_column": 13,
      "end_line": 4,
      "file_path": "tests/fixtures/python/simple.py",
      "function_name": "absolute",
      "metric_name": "nesting_depth",
      "severity": "Warning",
      "start_column": 0,
      "start_line": 1,
      "threshold_value": 0.0
    },
    {
      "actual_value": 3.0,
      "end_column": 3,
      "end_line": 7,
      "file_path": "tests/fixtures/ruby/simple.rb",
      "function_name": "sample",
      "metric_name": "cyclomatic_complexity",
      "severity": "Warning",
      "start_column": 0,
      "start_line": 1,
      "threshold_value": 1.0
    },
    {
      "actual_value": 1.0,
      "end_column": 3,
      "end_line": 7,
      "file_path": "tests/fixtures/ruby/simple.rb",
      "function_name": "sample",
      "metric_name": "cognitive_complexity",
      "severity": "Warning",
      "start_column": 0,
      "start_line": 1,
      "threshold_value": 0.0
    },
    {
      "actual_value": 7.0,
      "end_column": 3,
      "end_line": 7,
      "file_path": "tests/fixtures/ruby/simple.rb",
      "function_name": "sample",
      "metric_name": "function_length",
      "severity": "Warning",
      "start_column": 0,
      "start_line": 1,
      "threshold_value": 1.0
    },
    {
      "actual_value": 2.0,
      "end_column": 3,
      "end_line": 7,
      "file_path": "tests/fixtures/ruby/simple.rb",
      "function_name": "sample",
      "metric_name": "parameter_count",
      "severity": "Warning",
      "start_column": 0,
      "start_line": 1,
      "threshold_value": 1.0
    },
    {
      "actual_value": 1.0,
      "end_column": 3,
      "end_line": 7,
      "file_path": "tests/fixtures/ruby/simple.rb",
      "function_name": "sample",
      "metric_name": "nesting_depth",
      "severity": "Warning",
      "start_column": 0,
      "start_line": 1,
      "threshold_value": 0.0
    },
    {
      "actual_value": 3.0,
      "end_column": 1,
      "end_line": 3,
      "file_path": "tests/fixtures/rust/simple.rs",
      "function_name": "absolute",
      "metric_name": "cyclomatic_complexity",
      "severity": "Warning",
      "start_column": 0,
      "start_line": 1,
      "threshold_value": 1.0
    },
    {
      "actual_value": 1.0,
      "end_column": 1,
      "end_line": 3,
      "file_path": "tests/fixtures/rust/simple.rs",
      "function_name": "absolute",
      "metric_name": "cognitive_complexity",
      "severity": "Warning",
      "start_column": 0,
      "start_line": 1,
      "threshold_value": 0.0
    },
    {
      "actual_value": 3.0,
      "end_column": 1,
      "end_line": 3,
      "file_path": "tests/fixtures/rust/simple.rs",
      "function_name": "absolute",
      "metric_name": "function_length",
      "severity": "Warning",
      "start_column": 0,
      "start_line": 1,
      "threshold_value": 1.0
    },
    {
      "actual_value": 1.0,
      "end_column": 1,
      "end_line": 3,
      "file_path": "tests/fixtures/rust/simple.rs",
      "function_name": "absolute",
      "metric_name": "nesting_depth",
      "severity": "Warning",
      "start_column": 0,
      "start_line": 1,
      "threshold_value": 0.0
    },
    {
      "actual_value": 3.0,
      "end_column": 1,
      "end_line": 6,
      "file_path": "tests/fixtures/typescript/simple.ts",
      "function_name": "sample",
      "metric_name": "cyclomatic_complexity",
      "severity": "Warning",
      "start_column": 0,
      "start_line": 1,
      "threshold_value": 1.0
    },
    {
      "actual_value": 1.0,
      "end_column": 1,
      "end_line": 6,
      "file_path": "tests/fixtures/typescript/simple.ts",
      "function_name": "sample",
      "metric_name": "cognitive_complexity",
      "severity": "Warning",
      "start_column": 0,
      "start_line": 1,
      "threshold_value": 0.0
    },
    {
      "actual_value": 6.0,
      "end_column": 1,
      "end_line": 6,
      "file_path": "tests/fixtures/typescript/simple.ts",
      "function_name": "sample",
      "metric_name": "function_length",
      "severity": "Warning",
      "start_column": 0,
      "start_line": 1,
      "threshold_value": 1.0
    },
    {
      "actual_value": 2.0,
      "end_column": 1,
      "end_line": 6,
      "file_path": "tests/fixtures/typescript/simple.ts",
      "function_name": "sample",
      "metric_name": "parameter_count",
      "severity": "Warning",
      "start_column": 0,
      "start_line": 1,
      "threshold_value": 1.0
    },
    {
      "actual_value": 1.0,
      "end_column": 1,
      "end_line": 6,
      "file_path": "tests/fixtures/typescript/simple.ts",
      "function_name": "sample",
      "metric_name": "nesting_depth",
      "severity": "Warning",
      "start_column": 0,
      "start_line": 1,
      "threshold_value": 0.0
    }
  ]
}
